// Vitest Snapshot v1, https://vitest.dev/guide/snapshot.html

exports[`real dataset: Hyperion plan 1`] = `
{
  "bySource": [
    {
      "items": [
        {
          "itemId": "mythical-armor-piece",
          "missing": 1,
        },
      ],
      "where": "Blacksmith",
    },
    {
      "items": [
        {
          "itemId": "blessing-of-darkness",
          "missing": 1,
        },
      ],
      "tier": "Imp 1",
      "where": "City of Illusions",
    },
    {
      "items": [
        {
          "itemId": "golden-fragment",
          "missing": 1,
        },
      ],
      "where": "Fragment NPC Vendor",
    },
    {
      "items": [
        {
          "itemId": "diamond",
          "missing": 1,
        },
      ],
      "where": "Gemstone NPC Vendor",
    },
  ],
  "goals": [
    {
      "coveredUnits": 0,
      "goalId": "hyperion",
      "parts": [
        {
          "itemId": "mythical-armor-piece",
          "need": 1,
          "own": 0,
          "parts": [],
        },
        {
          "itemId": "golden-fragment",
          "need": 1,
          "own": 0,
          "parts": [],
        },
        {
          "itemId": "diamond",
          "need": 1,
          "own": 0,
          "parts": [],
        },
        {
          "itemId": "blessing-of-darkness",
          "need": 1,
          "own": 0,
          "parts": [],
        },
      ],
      "progress": 0,
      "status": "not-started",
      "totalUnits": 4,
    },
  ],
  "materials": [
    {
      "breakdown": [
        {
          "count": 1,
          "goalId": "hyperion",
          "parentId": "hyperion",
        },
      ],
      "isBase": true,
      "itemId": "blessing-of-darkness",
      "missing": 1,
      "need": 1,
      "own": 0,
    },
    {
      "breakdown": [
        {
          "count": 1,
          "goalId": "hyperion",
          "parentId": "hyperion",
        },
      ],
      "isBase": true,
      "itemId": "diamond",
      "missing": 1,
      "need": 1,
      "own": 0,
    },
    {
      "breakdown": [
        {
          "count": 1,
          "goalId": "hyperion",
          "parentId": "hyperion",
        },
      ],
      "isBase": true,
      "itemId": "golden-fragment",
      "missing": 1,
      "need": 1,
      "own": 0,
    },
    {
      "breakdown": [
        {
          "count": 1,
          "goalId": "hyperion",
          "parentId": null,
        },
      ],
      "isBase": false,
      "itemId": "hyperion",
      "missing": 1,
      "need": 1,
      "own": 0,
    },
    {
      "breakdown": [
        {
          "count": 1,
          "goalId": "hyperion",
          "parentId": "hyperion",
        },
      ],
      "isBase": true,
      "itemId": "mythical-armor-piece",
      "missing": 1,
      "need": 1,
      "own": 0,
    },
  ],
  "unknownGoals": [],
}
`;
